\BOOKMARK [1][-]{section.1}{Zadanie 1}{}% 1
\BOOKMARK [2][-]{subsection.1.1}{Wyniki symulacji}{section.1}% 2
\BOOKMARK [2][-]{subsection.1.2}{Obserwacje z Boxplot\363w}{section.1}% 3
\BOOKMARK [2][-]{subsection.1.3}{Analiza Metryk \(Bias, Wariancja, MSE\)}{section.1}% 4
\BOOKMARK [1][-]{section.2}{Zadanie 2}{}% 5
\BOOKMARK [2][-]{subsection.2.1}{Analiza Asymptotycznej Normalnosci MLE dla Beta\(, 1\)}{section.2}% 6
\BOOKMARK [2][-]{subsection.2.2}{Wyniki symulacji dla =0.5}{section.2}% 7
\BOOKMARK [2][-]{subsection.2.3}{Wyniki symulacji dla =1}{section.2}% 8
\BOOKMARK [2][-]{subsection.2.4}{Wyniki symulacji dla =2}{section.2}% 9
\BOOKMARK [2][-]{subsection.2.5}{Wnioski na podstawie wykres\363w rozkladu}{section.2}% 10
\BOOKMARK [2][-]{subsection.2.6}{Uzasadnienie Asymptotycznej Normalnosci}{section.2}% 11
\BOOKMARK [2][-]{subsection.2.7}{Analiza Metryk \(Wplyw \040i n\)}{section.2}% 12
\BOOKMARK [1][-]{section.3}{Zadanie 3}{}% 13
\BOOKMARK [2][-]{subsection.3.1}{Wlasciwosci Estymatora \(Boxploty i Metryki\)}{section.3}% 14
\BOOKMARK [2][-]{subsection.3.2}{Punkt Startowy}{section.3}% 15
\BOOKMARK [1][-]{section.4}{Zadanie 4a}{}% 16
\BOOKMARK [2][-]{subsection.4.1}{Definicje Estymator\363w}{section.4}% 17
\BOOKMARK [2][-]{subsection.4.2}{Analiza Rozkladu Estymator\363w}{section.4}% 18
\BOOKMARK [1][-]{section.5}{Zadanie 4b}{}% 19
\BOOKMARK [2][-]{subsection.5.1}{Definicje Estymator\363w}{section.5}% 20
\BOOKMARK [2][-]{subsection.5.2}{Analiza Estymatora}{section.5}% 21
