\BOOKMARK [1][-]{section.1}{Zadanie 1}{}% 1
\BOOKMARK [2][-]{subsection.1.1}{Opis eksperymentu}{section.1}% 2
\BOOKMARK [2][-]{subsection.1.2}{Wyniki - wykresy pude\233kowe i tabele statystyk}{section.1}% 3
\BOOKMARK [2][-]{subsection.1.3}{=0, =1, n=20}{section.1}% 4
\BOOKMARK [2][-]{subsection.1.4}{=0, =1, n=50}{section.1}% 5
\BOOKMARK [2][-]{subsection.1.5}{=0, =1, n=100}{section.1}% 6
\BOOKMARK [2][-]{subsection.1.6}{=0, =2, n=20}{section.1}% 7
\BOOKMARK [2][-]{subsection.1.7}{=0, =2, n=50}{section.1}% 8
\BOOKMARK [2][-]{subsection.1.8}{=0, =2, n=100}{section.1}% 9
\BOOKMARK [2][-]{subsection.1.9}{=4, =1, n=20}{section.1}% 10
\BOOKMARK [2][-]{subsection.1.10}{=4, =1, n=50}{section.1}% 11
\BOOKMARK [2][-]{subsection.1.11}{=4, =1, n=100}{section.1}% 12
\BOOKMARK [2][-]{subsection.1.12}{=4, =2, n=20}{section.1}% 13
\BOOKMARK [2][-]{subsection.1.13}{=4, =2, n=50}{section.1}% 14
\BOOKMARK [2][-]{subsection.1.14}{=4, =2, n=100}{section.1}% 15
\BOOKMARK [2][-]{subsection.1.15}{Dyskusja Wynik\363w}{section.1}% 16
\BOOKMARK [3][-]{subsubsection.1.15.1}{Est1 - Srednia Arytmetyczna}{subsection.1.15}% 17
\BOOKMARK [3][-]{subsubsection.1.15.2}{Est2 - Mediana}{subsection.1.15}% 18
\BOOKMARK [3][-]{subsubsection.1.15.3}{Est3 - Wazona Srednia}{subsection.1.15}% 19
\BOOKMARK [3][-]{subsubsection.1.15.4}{Est4 - Wazona Srednia wagami z Dystrybuanty Normalnej}{subsection.1.15}% 20
\BOOKMARK [3][-]{subsubsection.1.15.5}{Est5 - Srednia Harmoniczna}{subsection.1.15}% 21
\BOOKMARK [3][-]{subsubsection.1.15.6}{Est6 - Srednia Potegowa Rzedu 3}{subsection.1.15}% 22
\BOOKMARK [3][-]{subsubsection.1.15.7}{Est7 - Srednia z Minimum i Maksimum Pr\363by}{subsection.1.15}% 23
\BOOKMARK [1][-]{section.2}{Zadanie 2}{}% 24
\BOOKMARK [2][-]{subsection.2.1}{Opis eksperymentu}{section.2}% 25
\BOOKMARK [2][-]{subsection.2.2}{Wyniki - wykresy pude\233kowe i tabele statystyk}{section.2}% 26
\BOOKMARK [2][-]{subsection.2.3}{=0, =1}{section.2}% 27
\BOOKMARK [2][-]{subsection.2.4}{=0, =2}{section.2}% 28
\BOOKMARK [2][-]{subsection.2.5}{=4, =1}{section.2}% 29
\BOOKMARK [2][-]{subsection.2.6}{=4, =2}{section.2}% 30
\BOOKMARK [2][-]{subsection.2.7}{Dyskusja}{section.2}% 31
\BOOKMARK [2][-]{subsection.2.8}{Dyskusja Wynik\363w}{section.2}% 32
\BOOKMARK [1][-]{section.3}{Zadanie 3}{}% 33
\BOOKMARK [2][-]{subsection.3.1}{Opis eksperymentu}{section.3}% 34
\BOOKMARK [2][-]{subsection.3.2}{Wyniki}{section.3}% 35
\BOOKMARK [2][-]{subsection.3.3}{Dyskusja Wynik\363w}{section.3}% 36
\BOOKMARK [1][-]{section.4}{Zadanie 4}{}% 37
\BOOKMARK [2][-]{subsection.4.1}{Opis eksperymentu}{section.4}% 38
\BOOKMARK [2][-]{subsection.4.2}{Wyniki}{section.4}% 39
\BOOKMARK [2][-]{subsection.4.3}{=0, =1}{section.4}% 40
\BOOKMARK [2][-]{subsection.4.4}{=0, =4}{section.4}% 41
\BOOKMARK [2][-]{subsection.4.5}{=4, =1}{section.4}% 42
\BOOKMARK [2][-]{subsection.4.6}{=4, =4}{section.4}% 43
\BOOKMARK [2][-]{subsection.4.7}{Dyskusja Wynik\363w}{section.4}% 44
